===============================================================
­ƒÜî VALIDA├ç├âO DO AMBIENTE DE PRODU├ç├âO: M├ôDULO CARAVANAS
===============================================================
­ƒîÉ Servidor de testes ativo em http://127.0.0.1:3015

[1/4] Testando APIs REST de Caravanas...
  Ô£à [PASS] Status HTTP 200 em GET /api/traffic-alert/caravans
  Ô£à [PASS] Lista cont├®m ao menos 4 caravanas operacionais
  Ô£à [PASS] Garantia de Privacidade: isGpsBased estritamente false
  Ô£à [PASS] Garantia de Governan├ºa: isSynthetic declarado
  Ô£à [PASS] Presen├ºa de Disclaimer Legal da LGPD
  Ô£à [PASS] Status HTTP 200 em GET /api/traffic-alert/caravans/kpis
  Ô£à [PASS] KPIs estruturados cont├¬m totalPlanned, withinWindow e attention
  Ô£à [PASS] Status HTTP 200 em POST /api/traffic-alert/caravans/recalculate-all

[2/4] Testando Interface Dedicada (/caravanas.html)...
  Ô£à [PASS] Controle de Acesso (P1): Acesso direto sem token redireciona para login (/)
  Ô£à [PASS] T├¡tulo oficial da p├ígina de produ├º├úo de Caravanas
  Ô£à [PASS] Cabe├ºalho cont├®m atalho para o Painel Gerencial (/dashboard.html)
  Ô£à [PASS] Cabe├ºalho cont├®m atalho para Como Funciona (/apresentacao.html)
  Ô£à [PASS] Sess├úo do Operador exibida no cabe├ºalho
  Ô£à [PASS] KPIs de Caravanas vis├¡veis e operacionais
  Ô£à [PASS] Mapa cartogr├ífico Leaflet inicializado (#map-container)
  Ô£à [PASS] Feed operacional renderizou cards de caravanas
  Ô£à [PASS] Remo├º├úo de Caravanas Simuladas (P1): Zero ocorr├¬ncias de "Caravana Demonstra├º├úo"
  Ô£à [PASS] Opera├º├Áes Reais de Produ├º├úo (P1): Presen├ºa de Huck, Mion, Altas Horas ou Bial
  Ô£à [PASS] Caravana com Dist├óncia em KM (P2): Quilometragem vis├¡vel nos cards de caravanas
  Ô£à [PASS] Busca por Bairro (P1): Busca por "Niter├│i" filtra corretamente as caravanas
  Ô£à [PASS] Ocorr├¬ncias com ├ìcones Operacionais Waze (P2) no mapa
  ­ƒô© Screenshot salvo: C:\Users\fapaixao\OneDrive\Agente RIG\docs\screenshots\caravanas_producao_standalone.png

[3/4] Testando Drawer Lateral T├ítico de Caravanas...
  Ô£à [PASS] Drawer t├ítico abriu com detalhes da caravana
  Ô£à [PASS] Dist├óncia em KM presente no Drawer T├ítico
  ­ƒô© Screenshot salvo: C:\Users\fapaixao\OneDrive\Agente RIG\docs\screenshots\caravanas_producao_drawer.png

[4/4] Testando Aba de Caravanas no Dashboard (/dashboard.html)...
  Ô£à [PASS] Bot├úo da aba Caravanas existe na navega├º├úo (#tab-btn-caravanas)
  Ô£à [PASS] Painel #tab-caravanas ativado no Dashboard
  Ô£à [PASS] Iframe do M├│dulo de Caravanas inserido no container da aba
  ­ƒô© Screenshot salvo: C:\Users\fapaixao\OneDrive\Agente RIG\docs\screenshots\caravanas_producao_dashboard_tab.png
  Ô£à [PASS] Zero erros graves no console do navegador
  ­ƒôä Sum├írio estruturado salvo: artifacts/playwright-caravanas-producao-summary.json

===============================================================
­ƒÄ» RESULTADO FINAL: 27/27 VERIFICA├ç├òES APROVADAS (100%)
STATUS: AMBIENTE DE PRODU├ç├âO DO M├ôDULO CARAVANA HOMOLOGADO!
===============================================================

