===============================================================
­ƒöì AUDITORIA OBJETIVA EM RUNTIME: DRAWER T├üTICO (CHECKPOINT 5.3)
===============================================================

[0/5] Iniciando servidor Express interno na porta 3000...
Ô£à Servidor interno operacional em http://127.0.0.1:3000

[1/5] Acessando URL: http://localhost:3000/ambiente-visual-confirmacao.html

[2/5] Estado do Drawer ANTES do clique na caravana:
{
  "hasHiddenClass": true,
  "display": "none",
  "visibility": "visible",
  "opacity": "1",
  "zIndex": "1000",
  "rect": {
    "x": 0,
    "y": 0,
    "width": 0,
    "height": 0,
    "top": 0,
    "right": 0,
    "bottom": 0,
    "left": 0
  }
}

[3/5] Clicando no card da Caravana Norte (caravan-01)...

[4/5] Estado do Drawer AP├ôS o clique (Runtime Computado):
{
  "hasHiddenClass": false,
  "display": "flex",
  "visibility": "visible",
  "opacity": "1",
  "zIndex": "1000",
  "rect": {
    "top": 54,
    "right": 1920,
    "bottom": 1080,
    "left": 1430,
    "width": 490,
    "height": 1026
  },
  "headerHeight": 54,
  "viewport": {
    "width": 1920,
    "height": 1080
  },
  "dockedBelowHeader": true,
  "dockedToRightEdge": true,
  "hasContent": {
    "title": true,
    "camerasSection": true,
    "comparisonSection": true,
    "recommendations": false
  }
}

[5/5] Screenshot de auditoria salvo em: docs/screenshots/rit_drawer_runtime_audit.png
       Resumo estruturado exportado em: artifacts/playwright-drawer-summary.json
­ƒøæ Servidor Express interno finalizado.

===============================================================
Ô£à AUDITORIA CONCLU├ìDA: DRAWER T├üTICO 100% OPERACIONAL E HOMOLOGADO EM RUNTIME
===============================================================
